% CID
otf-cjml-h	Identity-H	SourceHanSerif-Light.otf
otf-cjml-v	Identity-V	SourceHanSerif-Light.otf
otf-cjmr-h	Identity-H	SourceHanSerif-Regular.otf
otf-cjmr-v	Identity-V	SourceHanSerif-Regular.otf
otf-cjmb-h	Identity-H	SourceHanSerif-Bold.otf
otf-cjmb-v	Identity-V	SourceHanSerif-Bold.otf
otf-cjgr-h	Identity-H	SourceHanSans-Regular.otf
otf-cjgr-v	Identity-V	SourceHanSans-Regular.otf
otf-cjgb-h	Identity-H	SourceHanSans-Bold.otf
otf-cjgb-v	Identity-V	SourceHanSans-Bold.otf
otf-cjge-h	Identity-H	SourceHanSans-Heavy.otf
otf-cjge-v	Identity-V	SourceHanSans-Heavy.otf
otf-cjmgr-h	Identity-H	SourceHanSans-Heavy.otf
otf-cjmgr-v	Identity-V	SourceHanSans-Heavy.otf

% Unicode 90JIS
otf-ujml-h	UniSourceHanSerifJP-UTF16-H	SourceHanSerif-Light.otf
otf-ujml-v	UniSourceHanSerifJP-UTF16-V	SourceHanSerif-Light.otf
otf-ujmr-h	UniSourceHanSerifJP-UTF16-H	SourceHanSerif-Regular.otf
otf-ujmr-v	UniSourceHanSerifJP-UTF16-V	SourceHanSerif-Regular.otf
otf-ujmb-h	UniSourceHanSerifJP-UTF16-H	SourceHanSerif-Bold.otf
otf-ujmb-v	UniSourceHanSerifJP-UTF16-V	SourceHanSerif-Bold.otf
otf-ujgr-h	UniSourceHanSansJP-UTF16-H	SourceHanSans-Regular.otf
otf-ujgr-v	UniSourceHanSansJP-UTF16-V	SourceHanSans-Regular.otf
otf-ujgb-h	UniSourceHanSansJP-UTF16-H	SourceHanSans-Bold.otf
otf-ujgb-v	UniSourceHanSansJP-UTF16-V	SourceHanSans-Bold.otf
otf-ujge-h	UniSourceHanSansJP-UTF16-H	SourceHanSans-Heavy.otf
otf-ujge-v	UniSourceHanSansJP-UTF16-V	SourceHanSans-Heavy.otf
otf-ujmgr-h	UniSourceHanSansJP-UTF16-H	SourceHanSans-Heavy.otf
otf-ujmgr-v	UniSourceHanSansJP-UTF16-V	SourceHanSans-Heavy.otf

% Unicode JIS04
otf-ujmln-h	UniJIS2004-UTF16-H	SourceHanSerif-Light.otf
otf-ujmln-v	UniJIS2004-UTF16-V	SourceHanSerif-Light.otf
otf-ujmrn-h	UniJIS2004-UTF16-H	SourceHanSerif-Regular.otf
otf-ujmrn-v	UniJIS2004-UTF16-V	SourceHanSerif-Regular.otf
otf-ujmbn-h	UniJIS2004-UTF16-H	SourceHanSerif-Bold.otf
otf-ujmbn-v	UniJIS2004-UTF16-V	SourceHanSerif-Bold.otf
otf-ujgrn-h	UniJIS2004-UTF16-H	SourceHanSans-Regular.otf
otf-ujgrn-v	UniJIS2004-UTF16-V	SourceHanSans-Regular.otf
otf-ujgbn-h	UniJIS2004-UTF16-H	SourceHanSans-Bold.otf
otf-ujgbn-v	UniJIS2004-UTF16-V	SourceHanSans-Bold.otf
otf-ujgen-h	UniJIS2004-UTF16-H	SourceHanSans-Heavy.otf
otf-ujgen-v	UniJIS2004-UTF16-V	SourceHanSans-Heavy.otf
otf-ujmgrn-h	UniJIS2004-UTF16-H	SourceHanSans-Heavy.otf
otf-ujmgrn-v	UniJIS2004-UTF16-V	SourceHanSans-Heavy.otf

% TEXT, 90JIS
uphminl-h	UniSourceHanSerifJP-UTF16-H	SourceHanSerif-Light.otf
uphminl-v	UniSourceHanSerifJP-UTF16-V	SourceHanSerif-Light.otf
uphminr-h	UniSourceHanSerifJP-UTF16-H	SourceHanSerif-Regular.otf
uphminr-v	UniSourceHanSerifJP-UTF16-V	SourceHanSerif-Regular.otf
uphminb-h	UniSourceHanSerifJP-UTF16-H	SourceHanSerif-Bold.otf
uphminb-v	UniSourceHanSerifJP-UTF16-V	SourceHanSerif-Bold.otf
uphgothr-h	UniSourceHanSansJP-UTF16-H	SourceHanSans-Regular.otf
uphgothr-v	UniSourceHanSansJP-UTF16-V	SourceHanSans-Regular.otf
uphgothb-h	UniSourceHanSansJP-UTF16-H	SourceHanSans-Bold.otf
uphgothb-v	UniSourceHanSansJP-UTF16-V	SourceHanSans-Bold.otf
uphgotheb-h	UniSourceHanSansJP-UTF16-H	SourceHanSans-Heavy.otf
uphgotheb-v	UniSourceHanSansJP-UTF16-V	SourceHanSans-Heavy.otf
uphmgothr-h	UniSourceHanSansJP-UTF16-H	SourceHanSans-Heavy.otf
uphmgothr-v	UniSourceHanSansJP-UTF16-V	SourceHanSans-Heavy.otf

% TEXT, JIS04
uphminln-h	UniJIS2004-UTF16-H	SourceHanSerif-Light.otf
uphminln-v	UniJIS2004-UTF16-V	SourceHanSerif-Light.otf
uphminrn-h	UniJIS2004-UTF16-H	SourceHanSerif-Regular.otf
uphminrn-v	UniJIS2004-UTF16-V	SourceHanSerif-Regular.otf
uphminbn-h	UniJIS2004-UTF16-H	SourceHanSerif-Bold.otf
uphminbn-v	UniJIS2004-UTF16-V	SourceHanSerif-Bold.otf
uphgothrn-h	UniJIS2004-UTF16-H	SourceHanSans-Regular.otf
uphgothrn-v	UniJIS2004-UTF16-V	SourceHanSans-Regular.otf
uphgothbn-h	UniJIS2004-UTF16-H	SourceHanSans-Bold.otf
uphgothbn-v	UniJIS2004-UTF16-V	SourceHanSans-Bold.otf
uphgothebn-h	UniJIS2004-UTF16-H	SourceHanSans-Heavy.otf
uphgothebn-v	UniJIS2004-UTF16-V	SourceHanSans-Heavy.otf
uphmgothrn-h	UniJIS2004-UTF16-H	SourceHanSans-Heavy.otf
uphmgothrn-v	UniJIS2004-UTF16-V	SourceHanSans-Heavy.otf


urml	UniSourceHanSerifJP-UTF16-H	SourceHanSerif-Regular.otf
urmlv	UniSourceHanSerifJP-UTF16-V	SourceHanSerif-Regular.otf
ugbm	UniSourceHanSansJP-UTF16-H	SourceHanSans-Medium.otf
ugbmv	UniSourceHanSansJP-UTF16-V	SourceHanSans-Medium.otf
uprml-h	UniSourceHanSerifJP-UTF16-H	SourceHanSerif-Regular.otf
uprml-v	UniSourceHanSerifJP-UTF16-V	SourceHanSerif-Regular.otf
upgbm-h	UniSourceHanSansJP-UTF16-H	SourceHanSans-Medium.otf
upgbm-v	UniSourceHanSansJP-UTF16-V	SourceHanSans-Medium.otf
uprml-hq	UniJIS-UCS2-H	SourceHanSerif-Regular.otf
upgbm-hq	UniJIS-UCS2-H	SourceHanSans-Medium.otf


% TEXT, 90JIS
hminl-h	H	SourceHanSerif-Light.otf
hminl-v	V	SourceHanSerif-Light.otf
hminr-h	H	SourceHanSerif-Regular.otf
hminr-v	V	SourceHanSerif-Regular.otf
hminb-h	H	SourceHanSerif-Bold.otf
hminb-v	V	SourceHanSerif-Bold.otf
hgothr-h	H	SourceHanSans-Regular.otf
hgothr-v	V	SourceHanSans-Regular.otf
hgothb-h	H	SourceHanSans-Bold.otf
hgothb-v	V	SourceHanSans-Bold.otf
hgotheb-h	H	SourceHanSans-Heavy.otf
hgotheb-v	V	SourceHanSans-Heavy.otf
hmgothr-h	H	SourceHanSans-Heavy.otf
hmgothr-v	V	SourceHanSans-Heavy.otf

% TEXT, JIS04
hminln-h	H	SourceHanSerif-Light.otf
hminln-v	V	SourceHanSerif-Light.otf
hminrn-h	H	SourceHanSerif-Regular.otf
hminrn-v	V	SourceHanSerif-Regular.otf
hminbn-h	H	SourceHanSerif-Bold.otf
hminbn-v	V	SourceHanSerif-Bold.otf
hgothrn-h	H	SourceHanSans-Regular.otf
hgothrn-v	V	SourceHanSans-Regular.otf
hgothbn-h	H	SourceHanSans-Bold.otf
hgothbn-v	V	SourceHanSans-Bold.otf
hgothebn-h	H	SourceHanSans-Heavy.otf
hgothebn-v	V	SourceHanSans-Heavy.otf
hmgothrn-h	H	SourceHanSans-Heavy.otf
hmgothrn-v	V	SourceHanSans-Heavy.otf
